[www.moneycontrol.com/stocks/marketinfo/marketcap/bse/agriculture.html]
[backblue.gif]
[fade.gif]
[index.html]
[stat2.moneycontrol.com/mccss/markets/https_mktstats.css]
[stat2.moneycontrol.com/mcjs/markets/https_markets.js]
[www.google-analytics.com/analytics.js]
[images.moneycontrol.com/images/common/headfoot/network18_33x33.png]
[images.moneycontrol.com/images/common/headfoot/logo381a.png]
[rtbcdn.andbeyond.media/prod-global-32339.js]
[images.moneycontrol.com/images/common/header/mc_pro_logo_181x28381a.png]
[images.moneycontrol.com/images/common/headfoot/moneycontrol-logo_234x48.png]
[images.moneycontrol.com/images/common/headfoot/stockal_logo_144x48.png]
[images.moneycontrol.com/images/common/headfoot/gc_logo_57x22.png]
[images.moneycontrol.com/images/common/headfoot/MC_Pro_Logo.png]
[stat2.moneycontrol.com/mccss/headfoot/mobile_headerf649.css]
[images.moneycontrol.com/images/common/header/mcapp_logo_24x24.png]
[images.moneycontrol.com/images/common/header/logo_105x22381a.png]
[images.moneycontrol.com/images/common/header/logo_with_pro_144x22381a.png]
[images.moneycontrol.com/images/common/header/icon_profile.png]
[images.moneycontrol.com/images/common/header/new_icon_animated.gif]
[stat3.moneycontrol.com/mcjs/common/jquery-1.12.0.min.js]
[stat3.moneycontrol.com/mccss/common/googlefonts8510.css]
[accounts.moneycontrol.com/assets/css/mclogin/bootstrap.min7e0c.css]
[stat2.moneycontrol.com/mcjs/common/jquery.cookie.js]
[stat3.moneycontrol.com/mcjs/common/bootstrap.min.js]
[stat2.moneycontrol.com/mcjs/common/jquery.bxslider-min.js]
[stat2.moneycontrol.com/mcjs/common/moneycontrol_headerc177.js]
[stat1.moneycontrol.com/mcjs/common/slick.minc619.js]
[stat3.moneycontrol.com/mccss/common/mainStyle_other5405.css]
[stat2.moneycontrol.com/mccss/headfoot/mc_header3cc5.css]
[stat2.moneycontrol.com/mccss/headfoot/mc_footer7839.css]
[stat2.moneycontrol.com/mccss/headfoot/mobile_footer3cc5.css]
[connect.facebook.net/en_US/fbevents.js]
[www.moneycontrol.com/stocks/marketinfo/marketcap/bse/images/ic_alert.png]
[images.moneycontrol.com/images/common/close_arw.gif]
[static.chartbeat.com/js/chartbeat.js]
[static.chartbeat.com/js/chartbeat_mab.js]
[images.moneycontrol.com/mc_new/images/new_2010/sepgr.gif]
[images.moneycontrol.com/mc_new/images/new_2010/gobtnbl.png]
[images.moneycontrol.com/mc_new/images/new_2010/Slideshow-icon.jpg]
[images.moneycontrol.com/mc_new/images/new_2010/grytp.png]
[images.moneycontrol.com/mc_new/images/new_2010/grymld.png]
[images.moneycontrol.com/mc_new/images/new_2010/grybtm.png]
[img.moneycontrol.co.in/images/globalmarkets/sprite_gi.gif]
[www.moneycontrol.com/stocks/marketinfo/marketcap/bse/agriculture.html]
[images.moneycontrol.com/mc_new/images/new_2010/bghedtxt.gif]
[images.moneycontrol.com/mc_new/images/new_2010/arrow.gif]
[images.moneycontrol.com/mc_new/images/new_2010/pagbga.png]
[images.moneycontrol.com/mc_new/images/new_2010/sep11.gif]
[images.moneycontrol.com/mc_new/images/new_2010/bginpbox.png]
[images.moneycontrol.com/mc_new/images/new_2010/arwrgt.gif]
[images.moneycontrol.com/mc_new/images/new_2010/grylft.gif]
[images.moneycontrol.com/mc_new/images/new_2010/mblbg2.png]
[images.moneycontrol.com/mc_new/images/new_2010/bllft.gif]
[images.moneycontrol.com/mc_new/images/new_2010/mblbg.png]
[stat2.moneycontrol.com/mccss/markets/https_mktstats.css]
[www.moneycontrol.com/stocks/marketinfo/marketcap/bse/tabbedtopnews_1.html]
[www.moneycontrol.com/stocks/marketinfo/marketcap/bse/tabbedtopnews_2.html]
[www.moneycontrol.com/stocks/marketinfo/marketcap/bse/tabbedtopnews_3.html]
[www.moneycontrol.com/stocks/marketinfo/marketcap/bse/tabbedtopnews_4.html]
[www.moneycontrol.com/stocks/marketinfo/marketcap/bse/tabbedtopnews_5.html]
[img-d03.moneycontrol.co.in/images/markets_new_loader.gif]
[www.moneycontrol.com/stocks/marketinfo/marketcap/bse/today_highlights_1.html]
[www.moneycontrol.com/stocks/marketinfo/marketcap/bse/today_highlights_2.html]
[www.moneycontrol.com/stocks/marketinfo/marketcap/bse/today_highlights_3.html]
[www.moneycontrol.com/stocks/marketinfo/marketcap/bse/today_highlights_4.html]
[www.moneycontrol.com/stocks/marketinfo/marketcap/bse/corporate_notices_bse.html]
[www.moneycontrol.com/stocks/marketinfo/marketcap/bse/corporate_notices_nse.html]
[img-d03.moneycontrol.co.in/images/stocktracker/green_arrow.gif]
[img-d03.moneycontrol.co.in/images/stocktracker/red_arrow.gif]
[www.moneycontrol.com/stocks/marketinfo/marketcap/bse/onlybuyers.html]
[www.moneycontrol.com/stocks/marketinfo/marketcap/bse/onlysellers.html]
[www.moneycontrol.com/stocks/marketinfo/marketcap/bse/blockdeals.html]
[www.moneycontrol.com/stocks/marketinfo/marketcap/bse/intradayhigh.html]
[www.moneycontrol.com/stocks/marketinfo/marketcap/bse/intradaylow.html]
[www.moneycontrol.com/stocks/marketinfo/marketcap/bse/hourlygainers.html]
[www.moneycontrol.com/stocks/marketinfo/marketcap/bse/hourlylosers.html]
[www.moneycontrol.com/stocks/marketinfo/marketcap/bse/mostactive.html]
[www.moneycontrol.com/stocks/marketinfo/marketcap/bse/topgainers.html]
[www.moneycontrol.com/stocks/marketinfo/marketcap/bse/toplosers.html]
[www.moneycontrol.com/stocks/marketinfo/marketcap/bse/52wkhigh.html]
[www.moneycontrol.com/stocks/marketinfo/marketcap/bse/52wklow.html]
[img-d03.moneycontrol.co.in/images/mc2008/markets/filldot.gif]
[img-d03.moneycontrol.co.in/images/mc2008/markets/nofilldot.png]
[stat2.moneycontrol.com/mcjs/markets/https_markets.js]
[images.moneycontrol.com/images/common/header/hamburger_sprite_1301.png]
[images.moneycontrol.com/images/common/header/homepage-spriteff20.png]
[images.moneycontrol.com/images/common/header/mobmenuARW.png]
[stat2.moneycontrol.com/mccss/headfoot/mobile_headerf649.css]
[stat3.moneycontrol.com/mcjs/common/jquery-1.12.0.min.js]
[stat3.moneycontrol.com/mccss/common/googlefonts8510.css]
[accounts.moneycontrol.com/assets/css/mclogin/bootstrap.min7e0c.css]
[stat2.moneycontrol.com/mcjs/common/jquery.cookie.js]
[www.moneycontrol.com/stocks/marketinfo/marketcap/bse/Popover requires tooltip.js]
[stat3.moneycontrol.com/mcjs/common/bootstrap.min.js]
[stat2.moneycontrol.com/mcjs/common/jquery.bxslider-min.js]
[stat2.moneycontrol.com/mcjs/common/moneycontrol_headerc177.js]
[stat1.moneycontrol.com/mcjs/common/slick.minc619.js]
[images.moneycontrol.com/images/mc_home/homebg.png]
[images.moneycontrol.com/images/mc_home/mccommon_sprite_v18e698.png]
[images.moneycontrol.com/images/mc_home/header_sprite_v17.png]
[images.moneycontrol.com/images/common/header_rep_v4.gif]
[images.moneycontrol.com/images/revamp/track_bg.gif]
[images.moneycontrol.com/images/top2010/nav_div.gif]
[images.moneycontrol.com/images/revamp/ser_div_bg.gif]
[images.moneycontrol.com/images/revamp/menu_bg.gif]
[images.moneycontrol.com/images/revamp/menu_div.gif]
[images.moneycontrol.com/images/revamp/sub_menu_bg.png]
[images.moneycontrol.com/images/revamp/tab_d.jpg]
[images.moneycontrol.com/images/revamp/tab_act.jpg]
[images.moneycontrol.com/images/revamp/tab_d.png]
[images.moneycontrol.com/images/revamp/tab_blk.gif]
[images.moneycontrol.com/images/revamp/arw_bg.png]
[images.moneycontrol.com/images/revamp/arw.gif]
[images.moneycontrol.com/images/revamp/bg_comm.jpg]
[images.moneycontrol.com/images/revamp/bg_cmt.jpg]
[images.moneycontrol.com/images/revamp/mem_bg.jpg]
[images.moneycontrol.com/images/revamp/cmt.gif]
[images.moneycontrol.com/images/revamp/arrow.gif]
[images.moneycontrol.com/images/revamp/plus_.gif]
[images.moneycontrol.com/images/revamp/links_arw.gif]
[images.moneycontrol.com/images/revamp/cal_date_bg.png]
[images.moneycontrol.com/images/revamp/cal_bg_over.png]
[images.moneycontrol.com/images/revamp/btn_bg.jpg]
[images.moneycontrol.com/images/revamp/prev_bg.jpg]
[images.moneycontrol.com/images/revamp/mpnavbot.gif]
[images.moneycontrol.com/images/revamp/tab_bg.gif]
[images.moneycontrol.com/images/revamp/div_bg.gif]
[images.moneycontrol.com/images/revamp/btn_bg.gif]
[images.moneycontrol.com/images/mc2008/markets/plus.gif]
[images.moneycontrol.com/images/mc2008/markets/minus.gif]
[images.moneycontrol.com/images/top2010/div_1.png]
[images.moneycontrol.com/images/top2010/ser_div_bg.gif]
[images.moneycontrol.com/images/top2010/menu_bg.gif]
[images.moneycontrol.com/images/top2010/menu_div.gif]
[images.moneycontrol.com/images/top2010/sub_menu_bg.png]
[images.moneycontrol.com/images/mc_home/navdiv.png]
[images.moneycontrol.com/images/mc_home/mcSprite_re_v13.png]
[images.moneycontrol.com/images/mc_home/newSprite_market_v13.png]
[images.moneycontrol.com/images/promo/home.png]
[images.moneycontrol.com/images/promo/home_blue1.png]
[images.moneycontrol.com/images/budget2013/tp_nav_arrw.png]
[images.moneycontrol.com/images/promo/mc_elite_element_sprite4a30.png]
[images.moneycontrol.com/images/promo/mc_elite_elem_sprite.png]
[images.moneycontrol.com/images/commonrhs/addicon2.png]
[images.moneycontrol.com/images/commonrhs/rhs_popmainrht.png]
[images.moneycontrol.com/images/commonrhs/accorbtmbg.png]
[images.moneycontrol.com/images/commonrhs/signUpbg.jpg]
[images.moneycontrol.com/images/commonrhs/line.jpg]
[images.moneycontrol.com/images/budget2013/mkt_budget_sprite.png]
[images.moneycontrol.com/images/mc_home/mcSprite_re.gif]
[images.moneycontrol.com/images/promo/pyt_repeat_rhs.png]
[images.moneycontrol.com/images/promo/pyt_sprite_rhs.png]
[images.moneycontrol.com/images/investment_watch/investment_watch_rhs_sprite.png]
[images.moneycontrol.com/images/mc_home/nws_alert_bg.png]
[images.moneycontrol.com/images/mc_home/nws_alert_btnClose.gif]
[stat3.moneycontrol.com/mccss/common/mainStyle_other5405.css]
[images.moneycontrol.com/images/mcradar/market_radar_spritev8c619.png]
[www.moneycontrol.com/news/images/premium_crown3860.png]
[stat2.moneycontrol.com/mccss/headfoot/mc_header3cc5.css]
[images.moneycontrol.com/images/common/header/homepage-sprite2787.png]
[stat2.moneycontrol.com/mccss/headfoot/mc_footer7839.css]
[images.moneycontrol.com/images/common/header/footerbg.jpg]
[stat2.moneycontrol.com/mccss/headfoot/mobile_footer3cc5.css]
[www.moneycontrol.com/stocks/marketinfo/marketcap/bse/c]
[www.moneycontrol.com/stocks/marketinfo/marketcap/bse/b]
[www.moneycontrol.com/stocks/marketinfo/marketcap/bse/POST]
[connect.facebook.net/en_US/fbevents.js]
[www.moneycontrol.com/stocks/marketinfo/marketcap/bse/images/ic_alert.html]
[static.chartbeat.com/js/chartbeat.js]
[static.chartbeat.com/js/inpage.js]
[www.moneycontrol.com/stocks/marketinfo/marketcap/bse/GET]
[static.chartbeat.com/js/chartbeat_mab.js]
[stat2.moneycontrol.com/mcjs/common/slick.minc619.js]
[www.moneycontrol.com/stocks/marketinfo/marketcap/bse/tabbedtopnews_1.html]
[stat2.moneycontrol.com/mccss/common/mainStyle_other5405.css]
[www.moneycontrol.com/stocks/marketinfo/marketcap/bse/tabbedtopnews_2.html]
[www.moneycontrol.com/stocks/marketinfo/marketcap/bse/tabbedtopnews_3.html]
[stat4.moneycontrol.com/mccss/common/mainStyle_other5405.css]
[www.moneycontrol.com/stocks/marketinfo/marketcap/bse/tabbedtopnews_4.html]
[stat3.moneycontrol.com/mcjs/common/slick.minc619.js]
[stat1.moneycontrol.com/mccss/common/mainStyle_other5405.css]
[www.moneycontrol.com/stocks/marketinfo/marketcap/bse/tabbedtopnews_5.html]
[www.moneycontrol.com/stocks/marketinfo/marketcap/bse/today_highlights_1.html]
[www.moneycontrol.com/stocks/marketinfo/marketcap/bse/today_highlights_2.html]
[www.moneycontrol.com/stocks/marketinfo/marketcap/bse/today_highlights_3.html]
[stat4.moneycontrol.com/mcjs/common/slick.minc619.js]
[www.moneycontrol.com/stocks/marketinfo/marketcap/bse/today_highlights_4.html]
[www.moneycontrol.com/stocks/marketinfo/marketcap/bse/corporate_notices_bse.html]
[www.moneycontrol.com/stocks/marketinfo/marketcap/bse/corporate_notices_nse.html]
[www.moneycontrol.com/stocks/marketinfo/marketcap/bse/onlybuyers.html]
[www.moneycontrol.com/stocks/marketinfo/marketcap/bse/onlysellers.html]
[www.moneycontrol.com/stocks/marketinfo/marketcap/bse/blockdeals.html]
[www.moneycontrol.com/stocks/marketinfo/marketcap/bse/intradayhigh.html]
[www.moneycontrol.com/stocks/marketinfo/marketcap/bse/intradaylow.html]
[www.moneycontrol.com/stocks/marketinfo/marketcap/bse/hourlygainers.html]
[www.moneycontrol.com/stocks/marketinfo/marketcap/bse/hourlylosers.html]
[www.moneycontrol.com/stocks/marketinfo/marketcap/bse/mostactive.html]
[www.moneycontrol.com/stocks/marketinfo/marketcap/bse/topgainers.html]
[www.moneycontrol.com/stocks/marketinfo/marketcap/bse/toplosers.html]
[www.moneycontrol.com/stocks/marketinfo/marketcap/bse/52wkhigh.html]
[www.moneycontrol.com/stocks/marketinfo/marketcap/bse/52wklow.html]
[images.moneycontrol.com/images/common/header/icon-search.html]
[images.moneycontrol.com/images/common/header/icon_close.html]
[www.moneycontrol.com/stocks/marketinfo/marketcap/bse/Popover requires tooltip.html]
[images.moneycontrol.com/images/top2010/ div_1.html]
[www.moneycontrol.com/stocks/marketinfo/marketcap/bse/c.html]
[www.moneycontrol.com/stocks/marketinfo/marketcap/bse/b.html]
[www.moneycontrol.com/stocks/marketinfo/marketcap/bse/POST.html]
[static2.chartbeat.com/js/mab-inpagedev.js]
[static.chartbeat.com/js/inpage.js]
[www.moneycontrol.com/stocks/marketinfo/marketcap/bse/GET.html]
[stat2.moneycontrol.com/mcjs/common/slick.minc619.js]
[stat2.moneycontrol.com/mccss/common/mainStyle_other5405.css]
[stat4.moneycontrol.com/mccss/common/mainStyle_other5405.css]
[stat3.moneycontrol.com/mcjs/common/slick.minc619.js]
[stat1.moneycontrol.com/mccss/common/mainStyle_other5405.css]
[stat4.moneycontrol.com/mcjs/common/slick.minc619.js]
[static.chartbeat.com/js/inpage.html]
